// Jest Snapshot v1, https://goo.gl/fbAQLP

exports[`should render correctly 1`] = `
<React.Fragment>
  <AdditionalDetailHeading>
    Address
  </AdditionalDetailHeading>
  <AdditionalDetailContent>
    26 Foo Street, Bar
  </AdditionalDetailContent>
</React.Fragment>
`;
