// Jest Snapshot v1, https://goo.gl/fbAQLP

exports[`should render correctly 1`] = `
<Link
  onClick={[Function]}
  replace={false}
  styleName="link"
  to="/the/path"
>
  The Label
</Link>
`;
