// Jest Snapshot v1, https://goo.gl/fbAQLP

exports[`should render correctly 1`] = `
<Modal
  component={[Function]}
  componentProps={Object {}}
  modalProps={Object {}}
  onHide={[Function]}
  show={true}
/>
`;
