// Jest Snapshot v1, https://goo.gl/fbAQLP

exports[`should render correctly 1`] = `
<Link
  className="src-modules-nav-components-sidenav-menu-link__link"
  onClick={[Function]}
  replace={false}
  to="/some/path"
>
  The Label
</Link>
`;
