// Jest Snapshot v1, https://goo.gl/fbAQLP

exports[`should render correctly with an icon 1`] = `
<FaClose
  className="text-icon"
/>
`;

exports[`should render correctly with no icon 1`] = `""`;
