// Jest Snapshot v1, https://goo.gl/fbAQLP

exports[`should render correctly 1`] = `
<Modal
  aria-label="Quicksearch"
  autoFocus={true}
  backdrop={true}
  backdropClassName="backdrop"
  backdropTransition={[Function]}
  enforceFocus={true}
  keyboard={true}
  manager={
    ModalManager {
      "add": [Function],
      "containers": Array [],
      "data": Array [],
      "handleContainerOverflow": true,
      "hideSiblingNodes": true,
      "isTopModal": [Function],
      "modals": Array [],
      "remove": [Function],
    }
  }
  onHide={[Function]}
  renderBackdrop={[Function]}
  restoreFocus={true}
  show={true}
  transition={[Function]}
>
  <div
    id="child"
  />
</Modal>
`;
