// Jest Snapshot v1, https://goo.gl/fbAQLP

exports[`should render a narrow container correctly 1`] = `
<p
  className="src-components-modal-instruction__container"
>
  <div
    id="child"
  />
</p>
`;
