// Jest Snapshot v1, https://goo.gl/fbAQLP

exports[`should render correctly 1`] = `
<div
  className="src-shared-components-toolbar-index__toolbar"
  role="menubar"
>
  <div
    id="child"
  />
</div>
`;
