// Jest Snapshot v1, https://goo.gl/fbAQLP

exports[`should handle no children 1`] = `""`;

exports[`should render only first child of array 1`] = `
<div
  id="1"
  key=".0"
/>
`;

exports[`should render only first child of single 1`] = `
<div
  id="1"
  key=".0"
/>
`;
