// Jest Snapshot v1, https://goo.gl/fbAQLP

exports[`should render correctly 1`] = `
<h1
  className="components-entity-Heading-m__heading"
>
  <div
    id="child"
  />
</h1>
`;
