// Jest Snapshot v1, https://goo.gl/fbAQLP

exports[`should render correctly 1`] = `
<div
  className="src-modules-dashboard-components-statistic-index__container-venue src-modules-dashboard-components-statistic-index__container"
>
  <h2>
    Venue
  </h2>
  <p>
    300
  </p>
</div>
`;
