// Jest Snapshot v1, https://goo.gl/fbAQLP

exports[`should render correctly 1`] = `
<div
  styleName="container-venue"
>
  <h2>
    Venue
  </h2>
  <p>
    300
  </p>
</div>
`;
