// Jest Snapshot v1, https://goo.gl/fbAQLP

exports[`should render correctly 1`] = `
<div
  className="src-components-layout-body__container"
>
  <div
    id="child"
  />
</div>
`;
